
    SixTrack :: Version 5.5.0 :: Released 2022-04-04
  ================================================================================================================================
    Git SHA Hash: 457924a46ce925158ac42509457a30c3b2a16c94
    Compiler:     gfortran
    Built With:   CRLIBM ZLIB
    Start Time:   2022-08-02 11:42:18.166

------------------------------------------------------------------------------------------------------------------------------------

    OOOOOOOOOOOOOOOOOOOOOO
    OO                  OO
    OO  SixTrack Input  OO
    OO                  OO
    OOOOOOOOOOOOOOOOOOOOOO

    MODE:  Geometry Strength File (fort.2)

------------------------------------------------------------------------------------------------------------------------------------
INPUT> Parsed 10887 Single Elements
INPUT> Parsed 1207 Block Elements
INPUT> Parsed 89783 Structure Elements
INPUT> SixTrack Quiet level set to: 2
INPUT> Writing of fort.12 after tracking is DISABLED
SIMU> NOTE More than 64 particles requested, switching off printing of particle summary.
DUMP> The last column states the format of the output file (see manual):
DUMP> Element Name          Every #Turns  Unit#  Filename                        Format  FirstTurn  LastTurn
DUMP> mt_tcsg.a6l7.b1_mken             1    102  dump_mt_tcsg.a6l7.b1_mken            2          1        -1
DUMP> Found as structure element no. 64779
DUMP> tcsg.a6l7.b1                     1    103  dump_tcsg.a6l7.b1                    2          1        -1
DUMP> Found as structure element no. 64782
DUMP> mt_tcsg.a6l7.b1_mkex             1    104  dump_mt_tcsg.a6l7.b1_mkex            2          1        -1
DUMP> Found as structure element no. 64785
LIMI> Apertures will be read from file 'fort3.limi'
LIMI> Read 167 lines from external file.
------------------------------------------------------------------------------------------------------------------------------------

    DATA BLOCK APERTURE LIMITATIONS

    Back-tracking at aperture LIMIs is on, with precision [m]:  0.100000000000000E+00

------------------------------------------------------------------------------------------------------------------------------------
SYNC> WARNING Reference mass already set in SIMU block. Value set here is ignored.
SYNC> No cavities specified.
FLUC> Random distribution has been cut to 3 sigma.
FLUC> Reading alignment errors from fort.8
FLUC> Read 88 values from fort.8
------------------------------------------------------------------------------------------------------------------------------------

    Finished parsing input file(s).
    Parsed the following blocks:
     * SING block with 10886 line(s) from fort.2
     * BLOC block with  1208 line(s) from fort.2
     * STRU block with 29927 line(s) from fort.2
     * SETT block with     3 line(s) from fort.3
     * SIMU block with     7 line(s) from fort.3
     * LINE block with     1 line(s) from fort.3
     * DIST block with     1 line(s) from fort.3
     * DUMP block with     3 line(s) from fort.3
     * LIMI block with     1 line(s) from fort.3
     * RAND block with     1 line(s) from fort.3
     * COLL block with    13 line(s) from fort.3
     * SYNC block with     2 line(s) from fort.3
     * FLUC block with     1 line(s) from fort.3

------------------------------------------------------------------------------------------------------------------------------------
RANLUX> Luxury level set by rluxgo: 3 P = 223
RANLUX> Initialised by rluxgo from seeds  266710141 0 0
RANLUX> Luxury level set by rluxgo: 3 P = 223
RANLUX> Initialised by rluxgo from seeds  6884162 0 0
RANLUX> Luxury level set by rluxgo: 3 P = 223
RANLUX> Initialised by rluxgo from seeds  7116293 0 0
RANLUX> Luxury level set by rluxgo: 3 P = 223
RANLUX> Initialised by rluxgo from seeds  7193670 0 0
MAINCR> Structure input file has thin linear elements
GEOMETRY> GO keyword not the first lattice element: Reshuffling lattice structure.
GEOMETRY> Calculating machine length
GEOMETRY> Machine length was  26658.8831999949 [m]
MAINCR> Check that beginning/end of lattice structure is assigned aperture markers.

APER> Call to contour_aperture_markers - iUp=89783 - iDw=1 - lInsUp=F

APER> Call to contour_aperture_marker - i=89783 - lInsUp=F
APER> -> Inserted empty marker at end of lattice
APER> Look for aperture markers closest to:
APER> i=89784 - ix=10888 - name: 'e.latt.aper                                     ' - s=   26658.883200
APER> Echo results of assignment:

APER> Call to contour_aperture_marker - i=1 - lInsUp=F
APER> Look for aperture markers closest to:
APER> i=1 - ix=8245 - name: 'mt_tcsg.a6l7.b1_mken                            ' - s=       0.000000
APER> Echo results of assignment:
APER> ...no need to insert a downstream marker - no shift of downstream entries required.

    FLUC Block Random Numbers (zfz):
     * Generator Seed    = 100000
     * Numbers Generated = 145000
     * Mean Value        =      -0.0038939
     * Deviation         =       0.9898899

------------------------------------------------------------------------------------------------------------------------------------
------------------------------------------------------------------------------------------------------------------------------------

    OOOOOOOOOOOOOOOOOOOOO
    OO                 OO
    OO  Linear Optics  OO
    OO                 OO
    OOOOOOOOOOOOOOOOOOOOO


------------------------------------------------------------------------------------------------------------------------------------

     PLANE |             DISP(MM) |           DISP(MRAD)
    -----------------------------------------------------
       X   |     190.647513488692 |      -1.469198952155
       Y   |     230.269274658062 |       4.407256938392


    Relative energy deviation :      0.0000000000000000
    Horizontal tune           :     62.3099998185355020
    Vertical tune             :     60.3199998534834378

-----------------------------------------------------------------------------------------------------------------------------------

         Initial 4-D DA CLOSED ORBIT IN QMODDA (NO TUNE ADJUSTEMENT)
            -0.000361997471241265326210440056443
             0.000000609514204046729020844137652
             0.000595292944344537984166509936301
             0.000008442040155203118389657876430

-----------------------------------------------------------------------------------------------------------------------------------
          DA INITIALIZATION: ORDER =  1, # of VARIABLES =  4, DIMENSION =  2


-----------------------------------------------------------------------------------------------------------------------------------
         ENTERING 4-D DA CLOSED ORBIT CALCULATION

     ---- closed orbit before correction----
      CLOX  -3.619974712E-04  6.095142040E-07
      CLOY   5.952929443E-04  8.442040155E-06
     ---- after DA correction----
      CLOX  -3.619974712E-04  6.095141963E-07
      CLOY   5.952929443E-04  8.442040154E-06
      ITERAT.=  1 ACCURACY= 0.366056D-12

     ---- closed orbit before correction----
      CLOX  -3.619974712E-04  6.095141963E-07
      CLOY   5.952929443E-04  8.442040154E-06
     ---- after DA correction----
      CLOX  -3.619974712E-04  6.095142010E-07
      CLOY   5.952929443E-04  8.442040155E-06
      ITERAT.=  2 ACCURACY= 0.244363D-12

     ---- closed orbit before correction----
      CLOX  -3.619974712E-04  6.095142010E-07
      CLOY   5.952929443E-04  8.442040155E-06
     ---- after DA correction----
      CLOX  -3.619974712E-04  6.095142033E-07
      CLOY   5.952929442E-04  8.442040153E-06
      ITERAT.=  3 ACCURACY= 0.141008D-12

     ---- closed orbit before correction----
      CLOX  -3.619974712E-04  6.095142033E-07
      CLOY   5.952929442E-04  8.442040153E-06

     NO IMPROVEMENT OF 4-D DA CLOSED ORBIT CALCULATION IN ITERATION:    4


-----------------------------------------------------------------------------------------------------------------------------------
          DA INITIALIZATION: ORDER =  2, # of VARIABLES =  4, DIMENSION =  2

LIELIB> Check of the symplectic condition on the linear part:
     0.0000000000E+00  1.0000000000E+00  1.1593763466E-20  2.2022856629E-20
    -1.0000000000E+00  0.0000000000E+00 -2.7105054312E-19 -1.8431436932E-18
    -1.1593763466E-20  2.7105054312E-19  0.0000000000E+00  1.0000000000E+00
    -2.2022856629E-20  1.7347234760E-18 -1.0000000000E+00  0.0000000000E+00
LIELIB> Deviation for symplecticity = -5.950795E-12 %
  0.30999981853541186       0.31999985348353094     

-----------------------------------------------------------------------------------------------------------------------------------

         TRACKING FOR CONSTANT MOMENTUM DEVIATION

               ------ NO ACCELERATION ------

                     TUNE         CLO            CLOP              BET0           ALF0           GAMMA      

           X   62.3099998185 -0.36199747E-03  0.60951420E-06    42.249918109    0.5639161134    0.031195359
                                                                 0.000000550    0.0000000082    0.000000000
           Y   60.3199998535  0.59529294E-03  0.84420402E-05   203.537848299   -2.1135880823    0.026861120
                                                                 0.000002399   -0.0000000246    0.000000000


         REL. MOMENTUM DEVIATION= 0.0000000000000000
       ========================================

     ---- CLOSED ORBIT AND DECOUPLING (1=COU,0=DECOU)
     /CLX /           -0.000361997471221389244093458170681
     /CLXP/            0.000000609514203308772635493391432
     /CLY /            0.000595292944218269630754503118908
     /CLYP/            0.000008442040153077324884131442395
     /DCX /    1
     /DCY /    1
     /IVER /   0
     /IDFOR/   1
     /ICLO6/   0
     /ITION/   1


DIST> EMITTANCE X =  0.000000E+00 m
DIST> EMITTANCE Y =  0.000000E+00 m
DIST> EMITTANCE Z =  0.000000E+00 m
DIST> Reading particles from 'initial.dat'
DIST> Read 10000 particles from file 'initial.dat'
DIST> Reference particle species [A,Z,M,Q,ID]: 1 1     938.2720880 1 2212
DIST> Reference energy [Z TeV]:       6.8000000

------------------------------------------------------------------------------------------------------------------------------------
 INITIALISING COLLIMATION
------------------------------------------------------------------------------------------------------------------------------------

COLL> Info: Betax0 [m]          =  0.42249918E+02
COLL> Info: Betay0 [m]          =  0.20353785E+03
COLL> Info: Alphax0             =  0.56391611E+00
COLL> Info: Alphay0             = -0.21135881E+01
COLL> Info: Orbitx0 [mm]        = -0.36199747E-03
COLL> Info: Orbitxp0 [mrad]     =  0.60951420E-06
COLL> Info: Orbity0 [mm]        =  0.59529294E-03
COLL> Info: Orbitpy0 [mrad]     =  0.84420402E-05
COLL> Info: Emitx0_dist [um]    =  0.48293416E-03
COLL> Info: Emity0_dist [um]    =  0.48293416E-03
COLL> Info: Emitx0_collgap [um] =  0.48293416E-03
COLL> Info: Emity0_collgap [um] =  0.48293416E-03
COLL> Info: E0 [MeV]            =  0.68000000E+07

COLL> Info: DIST_TYPES          = 0
COLL> Info: DIST_NEX            =  0.00000000E+00
COLL> Info: DIST_DEX            =  0.00000000E+00
COLL> Info: DIST_NEY            =  0.00000000E+00
COLL> Info: DIST_DEY            =  0.00000000E+00
COLL> Info: DIST_FILE           = 
COLL> Info: DIST_EN_ERROR       =  0.00000000E+00
COLL> Info: DIST_BUNCHLENGTH    =  0.00000000E+00
COLL> Info: DO_COLL             = T
COLL> Info: DO_NSIG             = F

COLL> INPUT PARAMETERS FOR THE SLICING:

COLL> Info: N_SLICES            = 0
COLL> Info: SMIN_SLICES         =  0.00000000E+00
COLL> Info: SMAX_SLICES         =  0.00000000E+00
COLL> Info: RECENTER1           =  0.00000000E+00
COLL> Info: RECENTER2           =  0.00000000E+00

COLL> Info: JAW_FIT(1,1)        =  0.00000000E+00
COLL> Info: JAW_FIT(1,2)        =  0.00000000E+00
COLL> Info: JAW_FIT(1,3)        =  0.00000000E+00
COLL> Info: JAW_FIT(1,4)        =  0.00000000E+00
COLL> Info: JAW_FIT(1,5)        =  0.00000000E+00
COLL> Info: JAW_FIT(1,6)        =  0.00000000E+00
COLL> Info: SCALING1            =  0.00000000E+00

COLL> Info: JAW_FIT(2,1)        =  0.00000000E+00
COLL> Info: JAW_FIT(2,2)        =  0.00000000E+00
COLL> Info: JAW_FIT(2,3)        =  0.00000000E+00
COLL> Info: JAW_FIT(2,4)        =  0.00000000E+00
COLL> Info: JAW_FIT(2,5)        =  0.00000000E+00
COLL> Info: JAW_FIT(2,6)        =  0.00000000E+00
COLL> Info: SCALING2            =  0.00000000E+00

COLL> Info: EMITXN0_DIST        =  0.35000000E+01
COLL> Info: EMITYN0_DIST        =  0.35000000E+01
COLL> Info: EMITXN0_COLLGAP     =  0.35000000E+01
COLL> Info: EMITYN0_COLLGAP     =  0.35000000E+01

COLL> Info: DO_SELECT           = F
COLL> Info: DO_NOMINAL          = F
COLL> Info: RND_SEED            = 6574654
COLL> Info: DOWRITE_DIST        = F
COLL> Info: NAME_SEL            =                                                 
COLL> Info: DO_ONESIDE          = F
COLL> Info: DOWRITE_IMPACT      = F
COLL> Info: DOWRITE_SECONDARY   = F
COLL> Info: DOWRITE_AMPLITUDE   = F
COLL> Info: DOWRITE_EFFICIENCY  = F

COLL> Info: XBEAT               =  0.00000000E+00
COLL> Info: XBEATPHASE          =  0.00000000E+00
COLL> Info: YBEAT               =  0.00000000E+00
COLL> Info: YBEATPHASE          =  0.00000000E+00

COLL> Info: C_RMSTILT_PRIM      =  0.00000000E+00
COLL> Info: C_RMSTILT_SEC       =  0.00000000E+00
COLL> Info: C_SYSTILT_PRIM      =  0.00000000E+00
COLL> Info: C_SYSTILT_SEC       =  0.00000000E+00
COLL> Info: C_RMSOFFSET_PRIM    =  0.00000000E+00
COLL> Info: C_SYSOFFSET_PRIM    =  0.00000000E+00
COLL> Info: C_RMSOFFSET_SEC     =  0.00000000E+00
COLL> Info: C_SYSOFFSET_SEC     =  0.00000000E+00
COLL> Info: C_OFFSETTITLT_SEED  = 0
COLL> Info: C_RMSERROR_GAP      =  0.00000000E+00
COLL> Info: DO_MINGAP           = F

COLL> Info: RADIAL              = F
COLL> Info: NR                  =  0.00000000E+00
COLL> Info: NDR                 =  0.00000000E+00

COLL: Info: DRIFTSX             =  0.00000000E+00
COLL: Info: DRIFTSY             =  0.00000000E+00
COLL: Info: SYSTILT_ANTISYMM    = F

COLL> Info: IPENCIL             = 0
COLL> Info: PENCIL_OFFSET       =  0.00000000E+00
COLL> Info: PENCIL_RMSX         =  0.00000000E+00
COLL> Info: PENCIL_RMSY         =  0.00000000E+00
COLL> Info: PENCIL_DISTR        = 0

COLL> Info: COLL_DB             = CollDB-Testing.dat                                              

COLL> Info: dowrite_tracks       = F

COLL> Info: SIGSECUT2           =  0.10000000E+01
COLL> Info: SIGSECUT3           =  0.10000000E+01

COLL> Info: NAPX                = 10000
COLL> Info: Sigma_x0            =  0.14284232E-03
COLL> Info: Sigma_y0            =  0.31352094E-03

RANLUX> Luxury level set by rluxgo: 3 P = 223
RANLUX> Initialised by rluxgo from seeds  6574654 0 0
COLLDB> Reading collimator database, new format
COLLDB> SETTINGS flag encountered in collimator database on line 98
COLLDB> Reading additional settings from collimator database
COLLDB> Collimator 'tcdqa.a4r6.b1' is set as one-sided (1)
COLLDB> Collimator 'tcdqa.c4r6.b1' is set as one-sided (1)
COLLDB> Collimator 'tcdqa.b4r6.b1' is set as one-sided (1)
COLLDB> Collimator 'tcpcv.a6l7.b1' is set as one-sided (1)
COLLDB> Collimator 'tcpch.a4l7.b1' is set as one-sided (1)
COLLDB> WARNING Collimator with LHC or RHIC style name not found in database: 'tcapc.6l7.b1'
COLLDB> WARNING Collimator with LHC or RHIC style name not found in database: 'tcapm.a5l7.b1'
COLLDB> WARNING Collimator with LHC or RHIC style name not found in database: 'tclim.6l8.b1'
COLLDB> WARNING Collimator with LHC or RHIC style name not found in database: 'tclia.4l8'
COLLDB> WARNING Collimator with LHC or RHIC style name not found in database: 'tcddm.4r8'
COLLDB> WARNING Collimator with LHC or RHIC style name not found in database: 'tcdd.4l2'
COLLDB> WARNING Collimator with LHC or RHIC style name not found in database: 'tclim.6r2.b1'
COLLDB> WARNING Collimator with LHC or RHIC style name not found in database: 'tcapa.6l3.b1'
COLLDB> WARNING Collimator with LHC or RHIC style name not found in database: 'tcapd.5l3.b1'
COLLDB> WARNING Collimator with LHC or RHIC style name not found in database: 'tcdqm.b4l6.b1'
COLLDB> WARNING Collimator with LHC or RHIC style name not found in database: 'tcdqm.a4l6.b1'
COLLDB> WARNING Collimator with LHC or RHIC style name not found in database: 'tcdsa.4l6.b1'
COLLDB> WARNING Collimator with LHC or RHIC style name not found in database: 'tcdsb.4l6.b1'
COLLDB> WARNING Collimator with LHC or RHIC style name not found in database: 'tcdqm.a4r6.b1'
COLLDB> WARNING Collimator with LHC or RHIC style name not found in database: 'tcdqm.b4r6.b1'
COLLDB> WARNING Collimator with LHC or RHIC style name not found in database: 'tcapa.6l7.b1'
COLLDB> WARNING Collimator with LHC or RHIC style name not found in database: 'tcapb.6l7.b1'
COLLDB> WARNING No collimators in family 'TCSG3', aperture set to zero
COLLDB> WARNING No collimators in family 'TCLI', aperture set to zero
COLLDB> WARNING No collimators in family 'TCDQ', aperture set to zero
COLLDB> WARNING No collimators in family 'TCSTCDQ', aperture set to zero
COLLDB> WARNING No collimators in family 'TCL', aperture set to zero
COLLDB> WARNING No collimators in family 'TCLD', aperture set to zero

COLL> Finished collimate initialisation


COLL> Number of collimators: 57
COLL> Found Collimator       1: tcl.4r1.b1
COLL> Found Collimator       2: tcl.5r1.b1
COLL> Found Collimator       3: tcl.6r1.b1
COLL> Found Collimator       4: tctph.4l2.b1
COLL> Found Collimator       5: tctpv.4l2.b1
COLL> Found Collimator       6: tdisa.a4l2.b1
COLL> Found Collimator       7: tdisb.a4l2.b1
COLL> Found Collimator       8: tdisc.a4l2.b1
COLL> Found Collimator       9: tclia.4r2
COLL> Found Collimator      10: tclib.6r2.b1
COLL> Found Collimator      11: tcld.a11r2.b1
COLL> Found Collimator      12: tcp.6l3.b1
COLL> Found Collimator      13: tcsg.5l3.b1
COLL> Found Collimator      14: tcsg.4r3.b1
COLL> Found Collimator      15: tcsg.a5r3.b1
COLL> Found Collimator      16: tcsg.b5r3.b1
COLL> Found Collimator      17: tcla.a5r3.b1
COLL> Found Collimator      18: tcla.b5r3.b1
COLL> Found Collimator      19: tcla.6r3.b1
COLL> Found Collimator      20: tcla.7r3.b1
COLL> Found Collimator      21: tctph.4l5.b1
COLL> Found Collimator      22: tctpv.4l5.b1
COLL> Found Collimator      23: tcl.4r5.b1
COLL> Found Collimator      24: tcl.5r5.b1
COLL> Found Collimator      25: tcl.6r5.b1
COLL> Found Collimator      26: tcdqa.a4r6.b1
COLL> Found Collimator      27: tcdqa.c4r6.b1
COLL> Found Collimator      28: tcdqa.b4r6.b1
COLL> Found Collimator      29: tcsp.a4r6.b1
COLL> Found Collimator      30: tcp.d6l7.b1
COLL> Found Collimator      31: tcp.c6l7.b1
COLL> Found Collimator      32: tcp.b6l7.b1
COLL> Found Collimator      33: tcsg.a6l7.b1
COLL> Found Collimator      34: tcpcv.a6l7.b1
COLL> Found Collimator      35: tcsg.b5l7.b1
COLL> Found Collimator      36: tcsg.a5l7.b1
COLL> Found Collimator      37: tcsg.d4l7.b1
COLL> Found Collimator      38: tcspm.b4l7.b1
COLL> Found Collimator      39: tcpch.a4l7.b1
COLL> Found Collimator      40: tcsg.a4l7.b1
COLL> Found Collimator      41: tcsg.a4r7.b1
COLL> Found Collimator      42: tcsg.b5r7.b1
COLL> Found Collimator      43: tcsg.d5r7.b1
COLL> Found Collimator      44: tcspm.e5r7.b1
COLL> Found Collimator      45: tcspm.6r7.b1
COLL> Found Collimator      46: tcla.a6r7.b1
COLL> Found Collimator      47: tcla.b6r7.b1
COLL> Found Collimator      48: tcla.c6r7.b1
COLL> Found Collimator      49: tcla.d6r7.b1
COLL> Found Collimator      50: tcla.a7r7.b1
COLL> Found Collimator      51: tctph.4l8.b1
COLL> Found Collimator      52: tctpv.4l8.b1
COLL> Found Collimator      53: tctph.4l1.b1
COLL> Found Collimator      54: tctpv.4l1.b1
COLL> Found Collimator      55: tcsg.b4l7.b1
COLL> Found Collimator      56: tcsg.e5r7.b1
COLL> Found Collimator      57: tcsg.6r7.b1

RANLUX> Luxury level set by rluxgo: 3 P = 223
RANLUX> Initialised by rluxgo from default seed
RANLUX> Luxury level set by rluxgo: 3 P = 223
RANLUX> Initialised by rluxgo from seeds  6574654 0 0


-----------------------------------------------------------------------------------------------------------------------------------

         OOOOOOOOOOOOOOOO
         OO            OO
         OO  TRACKING  OO
         OO            OO
         OOOOOOOOOOOOOOOO

-----------------------------------------------------------------------------------------------------------------------------------


TRACKING> WARNING Calling 6D tracking due to collimation - would normally have called 4D

TRACKING> Starting Thin 6D Tracking

TRACKING> Thin 6D: Turn 1 / 1, Particles: 10000 / 10000

COLL> Number of impacts             :     9999
COLL> Number of impacts at selected :        0
COLL> Number of surviving particles :       18
COLL> Number of absorbed particles  :     9981

COLL> Efficiency calculations not enabled

------------------------------------------------------------------------------------------------------------------------------------

    OOOOOOOOOOOOOOOOOOOOOOOOO
    OO                     OO
    OO  TRACKING COMPLETE  OO
    OO                     OO
    OOOOOOOOOOOOOOOOOOOOOOOOO

------------------------------------------------------------------------------------------------------------------------------------

MAINCR> NOTE Particle summary report is disabled; either manually, or because npart > 64.
MAINCR>      This is controlled by the PARTICLESUMMARY flag in the SETTINGS block in fort.3.


------------------------------------------------------------------------------------------------------------------------------------

    Computing Time Summary
  ==========================
    Preparating Calculations:        8.184 second(s)
    Particle Tracking:               7.987 second(s)
    Post Processing:                 0.000 second(s)
    Total Time Used:                16.171 second(s)
    Particle Turns:              10000

------------------------------------------------------------------------------------------------------------------------------------
