
    SixTrack :: Version 5.5.0 :: Released 2022-04-04
  ================================================================================================================================
    Git SHA Hash: 457924a46ce925158ac42509457a30c3b2a16c94
    Compiler:     gfortran
    Built With:   CRLIBM ZLIB
    Start Time:   2022-08-02 10:20:22.094

------------------------------------------------------------------------------------------------------------------------------------

    OOOOOOOOOOOOOOOOOOOOOO
    OO                  OO
    OO  SixTrack Input  OO
    OO                  OO
    OOOOOOOOOOOOOOOOOOOOOO

    MODE:  Geometry Strength File (fort.2)

------------------------------------------------------------------------------------------------------------------------------------
INPUT> Parsed 10887 Single Elements
INPUT> Parsed 1207 Block Elements
INPUT> Parsed 89783 Structure Elements
INPUT> SixTrack Quiet level set to: 2
INPUT> Writing of fort.12 after tracking is DISABLED
SIMU> NOTE More than 64 particles requested, switching off printing of particle summary.
DUMP> The last column states the format of the output file (see manual):
DUMP> Element Name          Every #Turns  Unit#  Filename                        Format  FirstTurn  LastTurn
DUMP> mt_tcpcv.a6l7.b1_mke             1    102  dump_mt_tcpcv.a6l7.b1_mken           2          1        -1
DUMP> Found as structure element no. 64818
DUMP> tcpcv.a6l7.b1                    1    103  dump_tcpcv.a6l7.b1                   2          1        -1
DUMP> Found as structure element no. 64820
DUMP> mt_tcpcv.a6l7.b1_mke             1    104  dump_mt_tcpcv.a6l7.b1_mkex           2          1        -1
DUMP> Found as structure element no. 64822
LIMI> Apertures will be read from file 'fort3.limi'
LIMI> Read 167 lines from external file.
------------------------------------------------------------------------------------------------------------------------------------

    DATA BLOCK APERTURE LIMITATIONS

    Back-tracking at aperture LIMIs is on, with precision [m]:  0.100000000000000E+00

------------------------------------------------------------------------------------------------------------------------------------
SYNC> WARNING Reference mass already set in SIMU block. Value set here is ignored.
SYNC> No cavities specified.
FLUC> Random distribution has been cut to 3 sigma.
FLUC> Reading alignment errors from fort.8
FLUC> Read 88 values from fort.8
------------------------------------------------------------------------------------------------------------------------------------

    Finished parsing input file(s).
    Parsed the following blocks:
     * SING block with 10886 line(s) from fort.2
     * BLOC block with  1208 line(s) from fort.2
     * STRU block with 29927 line(s) from fort.2
     * SETT block with     3 line(s) from fort.3
     * SIMU block with     7 line(s) from fort.3
     * LINE block with     1 line(s) from fort.3
     * DIST block with     1 line(s) from fort.3
     * DUMP block with     3 line(s) from fort.3
     * LIMI block with     1 line(s) from fort.3
     * RAND block with     1 line(s) from fort.3
     * COLL block with    13 line(s) from fort.3
     * SYNC block with     2 line(s) from fort.3
     * FLUC block with     1 line(s) from fort.3

------------------------------------------------------------------------------------------------------------------------------------
RANLUX> Luxury level set by rluxgo: 3 P = 223
RANLUX> Initialised by rluxgo from seeds  261794084 0 0
RANLUX> Luxury level set by rluxgo: 3 P = 223
RANLUX> Initialised by rluxgo from seeds  6884162 0 0
RANLUX> Luxury level set by rluxgo: 3 P = 223
RANLUX> Initialised by rluxgo from seeds  7116293 0 0
RANLUX> Luxury level set by rluxgo: 3 P = 223
RANLUX> Initialised by rluxgo from seeds  7193670 0 0
MAINCR> Structure input file has thin linear elements
GEOMETRY> GO keyword not the first lattice element: Reshuffling lattice structure.
GEOMETRY> Calculating machine length
GEOMETRY> Machine length was  26658.8831999948 [m]
MAINCR> Check that beginning/end of lattice structure is assigned aperture markers.
