STOP 1
TYPECAST> ERROR Failed to cast 'mt_tclib.6l8.b2_mken_AP' to int32 width error 5010

 ERROR in fort.2 on line 1771
========O===========================================================================================
   1767 | drift_5431                                         0    0.000000000000000e+00   0.000000000000000e+00    1.197999999999865e+00    0.000000000000000e+00    0.000000000000000e+00    0.000000000000000e+00
   1768 | drift_5433                                         0    0.000000000000000e+00   0.000000000000000e+00    6.940000000000055e+00    0.000000000000000e+00    0.000000000000000e+00    0.000000000000000e+00
   1769 | tclib.6l8.b.b2_AP                                  0    0.000000000000000e+00   0.000000000000000e+00    0.000000000000000e+00    0.000000000000000e+00    0.000000000000000e+00    0.000000000000000e+00
   1770 | mt_tclib.6l8.b2_mken                               0    0.000000000000000e+00   0.000000000000000e+00    0.000000000000000e+00    0.000000000000000e+00    0.000000000000000e+00    0.000000000000000e+00
>> 1771 | GO mt_tclib.6l8.b2_mken_AP                            0    0.000000000000000e+00   0.000000000000000e+00    0.000000000000000e+00    0.000000000000000e+00    0.000000000000000e+00    0.000000000000000e+00
========O===========================================================================================

    SixTrack :: Version 5.5.0 :: Released 2022-04-04
  ================================================================================================================================
    Git SHA Hash: 457924a46ce925158ac42509457a30c3b2a16c94
    Compiler:     gfortran
    Built With:   CRLIBM ZLIB
    Start Time:   2022-08-02 10:41:56.250

------------------------------------------------------------------------------------------------------------------------------------

    OOOOOOOOOOOOOOOOOOOOOO
    OO                  OO
    OO  SixTrack Input  OO
    OO                  OO
    OOOOOOOOOOOOOOOOOOOOOO

    MODE:  Geometry Strength File (fort.2)

------------------------------------------------------------------------------------------------------------------------------------

    +++++++++++++++++++++++++++++
    +      ERROR DETECTED!      +
    + RUN TERMINATED ABNORMALLY +
    +++++++++++++++++++++++++++++

